// Jest Snapshot v1, https://goo.gl/fbAQLP

exports[`Button renders button 1`] = `
<div>
  <button
    class="px-3 py-2 rounded-md bg-slate-600 text-white"
  />
</div>
`;
